09:42:14 工作目录: C:\Users\james\Dropbox\WORKS\SOFT\AI-Python\keepitrun
09:42:14 日志文件: C:\Users\james\Dropbox\WORKS\SOFT\AI-Python\keepitrun\logs\blog_20260928_094214.log
09:42:14 合集模式: 自 2026-09-27
09:42:14 ═══ 开始遍历全部 7 个合集 ═══
09:42:14 开始遍历合集 [新闻实验室] (album_id=3902494251036180488)
09:42:14   起始日期: 2026-09-27
09:42:15   [新闻实验室] 第1页: 获取5条，累计0条，continue_flag=0
09:42:15   [新闻实验室] 已到达起始日期边界
09:42:15   [新闻实验室] 遍历完成: 共 0 篇文章
09:42:16 开始遍历合集 [随笔] (album_id=2615905303213441024)
09:42:16   起始日期: 2026-09-27
09:42:18   [随笔] 第1页: 获取20条，累计0条，continue_flag=1
09:42:18   [随笔] 已到达起始日期边界
09:42:18   [随笔] 遍历完成: 共 0 篇文章
09:42:19 开始遍历合集 [航通社的朋友们] (album_id=3477575130983596037)
09:42:19   起始日期: 2026-09-27
09:42:20   [航通社的朋友们] 第1页: 获取20条，累计0条，continue_flag=1
09:42:20   [航通社的朋友们] 已到达起始日期边界
09:42:20   [航通社的朋友们] 遍历完成: 共 0 篇文章
09:42:20 开始遍历合集 [AI] (album_id=1525375142552518658)
09:42:20   起始日期: 2026-09-27
09:42:22   [AI] 第1页: 获取20条，累计0条，continue_flag=1
09:42:22   [AI] 已到达起始日期边界
09:42:22   [AI] 遍历完成: 共 0 篇文章
09:42:22 开始遍历合集 [科技] (album_id=1584782882340978691)
09:42:22   起始日期: 2026-09-27
09:42:24   [科技] 第1页: 获取20条，累计0条，continue_flag=1
09:42:24   [科技] 已到达起始日期边界
09:42:24   [科技] 遍历完成: 共 0 篇文章
09:42:25 开始遍历合集 [历史] (album_id=1903521189994545155)
09:42:25   起始日期: 2026-09-27
09:42:26   [历史] 第1页: 获取20条，累计0条，continue_flag=1
09:42:26   [历史] 已到达起始日期边界
09:42:26   [历史] 遍历完成: 共 0 篇文章
09:42:26 开始遍历合集 [传媒] (album_id=2046079811625844737)
09:42:26   起始日期: 2026-09-27
09:42:28   [传媒] 第1页: 获取20条，累计0条，continue_flag=1
09:42:28   [传媒] 已到达起始日期边界
09:42:28   [传媒] 遍历完成: 共 0 篇文章
09:42:28 ═══ 全部合集遍历完成: 共 0 篇不重复文章 ═══
09:42:28 合集中没有符合条件的文章
09:42:28 从TXT中读取到URL: last_blog_crawl.txt
09:42:28 从MD中读取到URL: 20260928-094204.md
09:42:28 从MD中读取到URL: readme.md
09:42:28 没有可处理的URL
