09:30:09 工作目录: C:\Users\james\Dropbox\WORKS\SOFT\AI-Python\keepitrun
09:30:09 日志文件: C:\Users\james\Dropbox\WORKS\SOFT\AI-Python\keepitrun\logs\daily_20260929_093009.log
09:30:09 GitHub 认证成功: lishuhang
09:30:09 ═══ 自动模式 ═══
09:30:10 仓库最新文章: 2026-09-27
09:30:10 开始遍历专辑
09:30:10   起始日期: 2026-09-27
09:30:12   第1页: 获取20条，累计2条，continue_flag=1
09:30:12 已到达起始日期边界
09:30:12 专辑遍历完成: 共 2 篇文章
09:30:12 发现 1 篇尚未发布的文章
09:30:12 [1/1] 2026-09-28 | 每日 AIGC 早报：2026.9.28
09:30:12 抓取文章: https://mp.weixin.qq.com/s?__biz=MjM5Mjg1ODIxMQ==&mid=2650674801&idx=1&sn=b96dd7...
09:30:15 回退使用 og:image（可能为裁剪版）
09:30:15 下载封面图（JPG）...
09:30:16 本地保存图片: C:\Users\james\Dropbox\WORKS\SOFT\AI-Python\keepitrun\images\2026\09\0928-d.jpg
09:30:16 本地保存Markdown: C:\Users\james\Dropbox\WORKS\SOFT\AI-Python\keepitrun\_posts\2026-09-28-daily.md
09:30:16 图床路由: 2026-09 → lishuhang/img@master
09:30:18 上传成功: 2026/09/0928-d.jpg
09:30:18 已上传: 2026/09/0928-d.jpg
09:30:19 上传成功: _posts/2026-09-28-daily.md
09:30:19 已上传: _posts/2026-09-28-daily.md
09:30:19 验证通过: _posts/2026-09-28-daily.md
09:30:19 验证通过: 2026/09/0928-d.jpg
09:30:19 ═══ 完成: 1 成功, 0 跳过, 0 失败 ═══
