2026-09-28 09:39:54,106 - INFO - 开始执行 RSS 处理脚本
2026-09-28 09:39:54,141 - INFO - 加载了 39 个 RSS 源
2026-09-28 09:39:54,141 - INFO - 加载了 424 个关键词
2026-09-28 09:39:54,141 - INFO - 正在获取 RSS 源: http://feeds.feedburner.com/CBer
2026-09-28 09:39:54,388 - INFO - 从 http://feeds.feedburner.com/CBer 获取到 20 个条目
2026-09-28 09:39:54,388 - INFO - 正在获取 RSS 源: http://techmeme.com/feed.xml
2026-09-28 09:39:54,663 - INFO - 从 http://techmeme.com/feed.xml 获取到 15 个条目
2026-09-28 09:39:54,665 - INFO - 从 Techmeme RSS 摘要提取原始文章链接: www.nytimes.com
2026-09-28 09:39:54,666 - INFO - 从 Techmeme RSS 摘要提取原始文章链接: www.ft.com
2026-09-28 09:39:54,667 - INFO - 从 Techmeme RSS 摘要提取原始文章链接: www.nytimes.com
2026-09-28 09:39:54,668 - INFO - 从 Techmeme RSS 摘要提取原始文章链接: www.bloomberg.com
2026-09-28 09:39:54,668 - INFO - 从 Techmeme RSS 摘要提取原始文章链接: www.wsj.com
2026-09-28 09:39:54,669 - INFO - 从 Techmeme RSS 摘要提取原始文章链接: www.theinformation.com
2026-09-28 09:39:54,670 - INFO - 从 Techmeme RSS 摘要提取原始文章链接: www.axios.com
2026-09-28 09:39:54,670 - INFO - 从 Techmeme RSS 摘要提取原始文章链接: www.bloomberg.com
2026-09-28 09:39:54,671 - INFO - 从 Techmeme RSS 摘要提取原始文章链接: www.nytimes.com
2026-09-28 09:39:54,671 - INFO - 正在获取 RSS 源: https://techcrunch.com/feed/
2026-09-28 09:39:54,766 - INFO - 从 https://techcrunch.com/feed/ 获取到 20 个条目
2026-09-28 09:39:54,766 - INFO - 正在获取 RSS 源: https://feeds.arstechnica.com/arstechnica/index/
2026-09-28 09:39:55,029 - INFO - 从 https://feeds.arstechnica.com/arstechnica/index/ 获取到 20 个条目
2026-09-28 09:39:55,029 - INFO - 正在获取 RSS 源: https://www.technologyreview.com/feed/
2026-09-28 09:39:55,122 - INFO - 从 https://www.technologyreview.com/feed/ 获取到 10 个条目
2026-09-28 09:39:55,122 - INFO - 正在获取 RSS 源: https://www.engadget.com/rss.xml
2026-09-28 09:39:55,241 - INFO - 从 https://www.engadget.com/rss.xml 获取到 20 个条目
2026-09-28 09:39:55,241 - INFO - 正在获取 RSS 源: http://feeds.feedburner.com/businessinsider/
2026-09-28 09:39:55,713 - INFO - 从 http://feeds.feedburner.com/businessinsider/ 获取到 50 个条目
2026-09-28 09:39:55,714 - INFO - 正在获取 RSS 源: https://www.cnet.com/rss/all/
2026-09-28 09:39:55,787 - INFO - 从 https://www.cnet.com/rss/all/ 获取到 25 个条目
2026-09-28 09:39:55,788 - INFO - 正在获取 RSS 源: https://www.techradar.com/feeds.xml
2026-09-28 09:39:56,263 - INFO - 从 https://www.techradar.com/feeds.xml 获取到 50 个条目
2026-09-28 09:39:56,263 - INFO - 正在获取 RSS 源: https://mashable.com/feeds/rss/all
2026-09-28 09:39:57,264 - INFO - 从 https://mashable.com/feeds/rss/all 获取到 100 个条目
2026-09-28 09:39:57,265 - INFO - 正在获取 RSS 源: https://www.theverge.com/rss/index.xml
2026-09-28 09:39:57,356 - INFO - 从 https://www.theverge.com/rss/index.xml 获取到 10 个条目
2026-09-28 09:39:57,357 - INFO - 正在获取 RSS 源: https://www.wired.com/feed/tag/ai/latest/rss
2026-09-28 09:39:57,470 - INFO - 从 https://www.wired.com/feed/tag/ai/latest/rss 获取到 10 个条目
2026-09-28 09:39:57,470 - INFO - 正在获取 RSS 源: https://feeds.bbci.co.uk/news/technology/rss.xml
2026-09-28 09:39:57,594 - INFO - 从 https://feeds.bbci.co.uk/news/technology/rss.xml 获取到 21 个条目
2026-09-28 09:39:57,594 - INFO - 正在获取 RSS 源: https://www.economist.com/science-and-technology/rss.xml
2026-09-28 09:39:57,832 - WARNING - RSS 源 https://www.economist.com/science-and-technology/rss.xml 解析时出现问题: document declared as us-ascii, but parsed as utf-8
2026-09-28 09:39:57,832 - INFO - 从 https://www.economist.com/science-and-technology/rss.xml 获取到 300 个条目
2026-09-28 09:39:57,833 - INFO - 正在获取 RSS 源: https://www.economist.com/business/rss.xml
2026-09-28 09:39:58,071 - WARNING - RSS 源 https://www.economist.com/business/rss.xml 解析时出现问题: document declared as us-ascii, but parsed as utf-8
2026-09-28 09:39:58,072 - INFO - 从 https://www.economist.com/business/rss.xml 获取到 300 个条目
2026-09-28 09:39:58,073 - INFO - 正在获取 RSS 源: https://www.economist.com/international/rss.xml
2026-09-28 09:39:58,297 - WARNING - RSS 源 https://www.economist.com/international/rss.xml 解析时出现问题: document declared as us-ascii, but parsed as utf-8
2026-09-28 09:39:58,297 - INFO - 从 https://www.economist.com/international/rss.xml 获取到 300 个条目
2026-09-28 09:39:58,298 - INFO - 正在获取 RSS 源: https://www.economist.com/china/rss.xml
2026-09-28 09:39:58,536 - WARNING - RSS 源 https://www.economist.com/china/rss.xml 解析时出现问题: document declared as us-ascii, but parsed as utf-8
2026-09-28 09:39:58,537 - INFO - 从 https://www.economist.com/china/rss.xml 获取到 300 个条目
2026-09-28 09:39:58,538 - INFO - 正在获取 RSS 源: https://arstechnica.com/feed/
2026-09-28 09:39:58,960 - INFO - 从 https://arstechnica.com/feed/ 获取到 20 个条目
2026-09-28 09:39:58,961 - INFO - 正在获取 RSS 源: https://www.google.com/alerts/feeds/00120727335941528291/15923614493533912620
2026-09-28 09:39:59,209 - INFO - 从 https://www.google.com/alerts/feeds/00120727335941528291/15923614493533912620 获取到 20 个条目
2026-09-28 09:39:59,210 - INFO - 正在获取 RSS 源: https://36kr.com/feed-newsflash
2026-09-28 09:40:00,084 - WARNING - RSS 源 https://36kr.com/feed-newsflash 解析时出现问题: <unknown>:10:542: not well-formed (invalid token)
2026-09-28 09:40:00,084 - WARNING - RSS 源 https://36kr.com/feed-newsflash 没有返回条目
2026-09-28 09:40:00,084 - INFO - 正在获取 RSS 源: https://36kr.com/feed-article
2026-09-28 09:40:00,939 - WARNING - RSS 源 https://36kr.com/feed-article 解析时出现问题: <unknown>:10:542: not well-formed (invalid token)
2026-09-28 09:40:00,940 - WARNING - RSS 源 https://36kr.com/feed-article 没有返回条目
2026-09-28 09:40:00,940 - INFO - 正在获取 RSS 源: https://www.ithome.com/rss/
2026-09-28 09:40:02,291 - INFO - 从 https://www.ithome.com/rss/ 获取到 60 个条目
2026-09-28 09:40:02,292 - INFO - 正在获取 RSS 源: https://rss.mydrivers.com/Rss.aspx?Tid=1
2026-09-28 09:40:05,084 - INFO - 从 https://rss.mydrivers.com/Rss.aspx?Tid=1 获取到 100 个条目
2026-09-28 09:40:05,086 - INFO - 正在获取 RSS 源: https://www.solidot.org/index.rss
2026-09-28 09:40:06,374 - INFO - 从 https://www.solidot.org/index.rss 获取到 14 个条目
2026-09-28 09:40:06,375 - INFO - 正在获取 RSS 源: https://www.geekpark.net/rss
2026-09-28 09:40:11,809 - INFO - 从 https://www.geekpark.net/rss 获取到 30 个条目
2026-09-28 09:40:11,809 - INFO - 正在获取 RSS 源: https://www.ifanr.com/feed
2026-09-28 09:40:13,193 - INFO - 从 https://www.ifanr.com/feed 获取到 20 个条目
2026-09-28 09:40:13,194 - INFO - 正在获取 RSS 源: https://www.tmtpost.com/rss.xml
2026-09-28 09:40:15,773 - INFO - 从 https://www.tmtpost.com/rss.xml 获取到 18 个条目
2026-09-28 09:40:15,773 - INFO - 正在获取 RSS 源: https://rss.huxiu.com/
2026-09-28 09:40:17,589 - INFO - 从 https://rss.huxiu.com/ 获取到 30 个条目
2026-09-28 09:40:17,590 - INFO - 正在获取 RSS 源: https://www.qbitai.com/feed
2026-09-28 09:40:19,302 - INFO - 从 https://www.qbitai.com/feed 获取到 10 个条目
2026-09-28 09:40:19,303 - INFO - 正在获取 RSS 源: https://www.leiphone.com/feed/
2026-09-28 09:40:22,154 - INFO - 从 https://www.leiphone.com/feed/ 获取到 20 个条目
2026-09-28 09:40:22,154 - INFO - 正在获取 RSS 源: https://plink.anyfeeder.com/mittrchina/hot
2026-09-28 09:40:22,363 - INFO - 从 https://plink.anyfeeder.com/mittrchina/hot 获取到 10 个条目
2026-09-28 09:40:22,364 - INFO - 正在获取 RSS 源: https://sspai.com/feed
2026-09-28 09:40:23,271 - INFO - 从 https://sspai.com/feed 获取到 10 个条目
2026-09-28 09:40:23,271 - INFO - 正在获取 RSS 源: https://v2ex.com/index.xml
2026-09-28 09:40:23,680 - INFO - 从 https://v2ex.com/index.xml 获取到 50 个条目
2026-09-28 09:40:23,681 - INFO - 正在获取 RSS 源: https://plink.anyfeeder.com/zaobao/realtime/china
2026-09-28 09:40:23,857 - INFO - 从 https://plink.anyfeeder.com/zaobao/realtime/china 获取到 24 个条目
2026-09-28 09:40:23,857 - INFO - 正在获取 RSS 源: https://plink.anyfeeder.com/zaobao/realtime/world
2026-09-28 09:40:24,041 - INFO - 从 https://plink.anyfeeder.com/zaobao/realtime/world 获取到 24 个条目
2026-09-28 09:40:24,041 - INFO - 正在获取 RSS 源: https://hnrss.org/frontpage
2026-09-28 09:40:25,428 - INFO - 从 https://hnrss.org/frontpage 获取到 20 个条目
2026-09-28 09:40:25,428 - INFO - 正在获取 RSS 源: https://www.jiqizhixin.com/feed
2026-09-28 09:40:26,644 - WARNING - RSS 源 https://www.jiqizhixin.com/feed 解析时出现问题: <unknown>:8:82: not well-formed (invalid token)
2026-09-28 09:40:26,644 - WARNING - RSS 源 https://www.jiqizhixin.com/feed 没有返回条目
2026-09-28 09:40:26,644 - INFO - 正在获取 RSS 源: https://blogs.nvidia.com/feed/
2026-09-28 09:40:26,883 - INFO - 从 https://blogs.nvidia.com/feed/ 获取到 18 个条目
2026-09-28 09:40:26,884 - INFO - 正在获取 RSS 源: https://ai.googleblog.com/feeds/posts/default
2026-09-28 09:40:27,039 - WARNING - RSS 源 https://ai.googleblog.com/feeds/posts/default 解析时出现问题: <unknown>:4:31: mismatched tag
2026-09-28 09:40:27,040 - WARNING - RSS 源 https://ai.googleblog.com/feeds/posts/default 没有返回条目
2026-09-28 09:40:27,040 - INFO - 总共获取到 441 个有效条目
2026-09-28 09:40:27,064 - INFO - 关键词过滤后剩余 195 个条目
2026-09-28 09:40:27,067 - INFO - 解析 Google 重定向链接为原始地址
2026-09-28 09:40:27,067 - INFO - 解析 Google 重定向链接为原始地址
2026-09-28 09:40:27,068 - INFO - 解析 Google 重定向链接为原始地址
2026-09-28 09:40:27,068 - INFO - 解析 Google 重定向链接为原始地址
2026-09-28 09:40:27,068 - INFO - 解析 Google 重定向链接为原始地址
2026-09-28 09:40:27,068 - INFO - 解析 Google 重定向链接为原始地址
2026-09-28 09:40:27,068 - INFO - 解析 Google 重定向链接为原始地址
2026-09-28 09:40:27,068 - INFO - 解析 Google 重定向链接为原始地址
2026-09-28 09:40:27,068 - INFO - 解析 Google 重定向链接为原始地址
2026-09-28 09:40:27,068 - INFO - 解析 Google 重定向链接为原始地址
2026-09-28 09:40:27,069 - INFO - 解析 Google 重定向链接为原始地址
2026-09-28 09:40:27,069 - INFO - 解析 Google 重定向链接为原始地址
2026-09-28 09:40:27,069 - INFO - 解析 Google 重定向链接为原始地址
2026-09-28 09:40:27,069 - INFO - 解析 Google 重定向链接为原始地址
2026-09-28 09:40:27,069 - INFO - 解析 Google 重定向链接为原始地址
2026-09-28 09:40:27,069 - INFO - 解析 Google 重定向链接为原始地址
2026-09-28 09:40:27,069 - INFO - 解析 Google 重定向链接为原始地址
2026-09-28 09:40:27,069 - INFO - 解析 Google 重定向链接为原始地址
2026-09-28 09:40:27,070 - INFO - 解析 Google 重定向链接为原始地址
2026-09-28 09:40:27,070 - INFO - 解析 Google 重定向链接为原始地址
2026-09-28 09:40:27,075 - INFO - 规范化后得到 195 个候选条目，交由 02 跨批次去重
2026-09-28 09:40:27,077 - INFO - 处理完成，结果已保存到 C:\Users\james\Dropbox\WORKS\SOFT\AI-Python\keepitrun\tmp\rss_2026-09-28_09-40-27.md
