2026-09-28 02:00:19,057 - INFO - 开始执行 RSS 处理脚本
2026-09-28 02:00:19,088 - INFO - 加载了 39 个 RSS 源
2026-09-28 02:00:19,088 - INFO - 加载了 424 个关键词
2026-09-28 02:00:19,089 - INFO - 正在获取 RSS 源: http://feeds.feedburner.com/CBer
2026-09-28 02:00:19,327 - INFO - 从 http://feeds.feedburner.com/CBer 获取到 20 个条目
2026-09-28 02:00:19,328 - INFO - 正在获取 RSS 源: http://techmeme.com/feed.xml
2026-09-28 02:00:19,713 - INFO - 从 http://techmeme.com/feed.xml 获取到 15 个条目
2026-09-28 02:00:19,715 - INFO - 从 Techmeme RSS 摘要提取原始文章链接: www.wsj.com
2026-09-28 02:00:19,716 - INFO - 从 Techmeme RSS 摘要提取原始文章链接: www.theinformation.com
2026-09-28 02:00:19,717 - INFO - 从 Techmeme RSS 摘要提取原始文章链接: www.axios.com
2026-09-28 02:00:19,718 - INFO - 从 Techmeme RSS 摘要提取原始文章链接: www.bloomberg.com
2026-09-28 02:00:19,719 - INFO - 从 Techmeme RSS 摘要提取原始文章链接: www.nytimes.com
2026-09-28 02:00:19,719 - INFO - 从 Techmeme RSS 摘要提取原始文章链接: www.wsj.com
2026-09-28 02:00:19,721 - INFO - 从 Techmeme RSS 摘要提取原始文章链接: www.theblock.co
2026-09-28 02:00:19,721 - INFO - 从 Techmeme RSS 摘要提取原始文章链接: siliconangle.com
2026-09-28 02:00:19,722 - INFO - 从 Techmeme RSS 摘要提取原始文章链接: fintech.global
2026-09-28 02:00:19,723 - INFO - 从 Techmeme RSS 摘要提取原始文章链接: www.axios.com
2026-09-28 02:00:19,724 - INFO - 从 Techmeme RSS 摘要提取原始文章链接: www.wsj.com
2026-09-28 02:00:19,724 - INFO - 正在获取 RSS 源: https://techcrunch.com/feed/
2026-09-28 02:00:19,828 - INFO - 从 https://techcrunch.com/feed/ 获取到 20 个条目
2026-09-28 02:00:19,828 - INFO - 正在获取 RSS 源: https://feeds.arstechnica.com/arstechnica/index/
2026-09-28 02:00:19,912 - INFO - 从 https://feeds.arstechnica.com/arstechnica/index/ 获取到 20 个条目
2026-09-28 02:00:19,912 - INFO - 正在获取 RSS 源: https://www.technologyreview.com/feed/
2026-09-28 02:00:20,021 - INFO - 从 https://www.technologyreview.com/feed/ 获取到 10 个条目
2026-09-28 02:00:20,021 - INFO - 正在获取 RSS 源: https://www.engadget.com/rss.xml
2026-09-28 02:00:20,118 - INFO - 从 https://www.engadget.com/rss.xml 获取到 20 个条目
2026-09-28 02:00:20,119 - INFO - 正在获取 RSS 源: http://feeds.feedburner.com/businessinsider/
2026-09-28 02:00:20,628 - INFO - 从 http://feeds.feedburner.com/businessinsider/ 获取到 50 个条目
2026-09-28 02:00:20,629 - INFO - 正在获取 RSS 源: https://www.cnet.com/rss/all/
2026-09-28 02:00:20,703 - INFO - 从 https://www.cnet.com/rss/all/ 获取到 25 个条目
2026-09-28 02:00:20,703 - INFO - 正在获取 RSS 源: https://www.techradar.com/feeds.xml
2026-09-28 02:00:21,109 - INFO - 从 https://www.techradar.com/feeds.xml 获取到 50 个条目
2026-09-28 02:00:21,110 - INFO - 正在获取 RSS 源: https://mashable.com/feeds/rss/all
2026-09-28 02:00:21,893 - INFO - 从 https://mashable.com/feeds/rss/all 获取到 100 个条目
2026-09-28 02:00:21,894 - INFO - 正在获取 RSS 源: https://www.theverge.com/rss/index.xml
2026-09-28 02:00:22,026 - INFO - 从 https://www.theverge.com/rss/index.xml 获取到 10 个条目
2026-09-28 02:00:22,027 - INFO - 正在获取 RSS 源: https://www.wired.com/feed/tag/ai/latest/rss
2026-09-28 02:00:22,119 - INFO - 从 https://www.wired.com/feed/tag/ai/latest/rss 获取到 10 个条目
2026-09-28 02:00:22,119 - INFO - 正在获取 RSS 源: https://feeds.bbci.co.uk/news/technology/rss.xml
2026-09-28 02:00:22,399 - INFO - 从 https://feeds.bbci.co.uk/news/technology/rss.xml 获取到 21 个条目
2026-09-28 02:00:22,400 - INFO - 正在获取 RSS 源: https://www.economist.com/science-and-technology/rss.xml
2026-09-28 02:00:22,664 - WARNING - RSS 源 https://www.economist.com/science-and-technology/rss.xml 解析时出现问题: document declared as us-ascii, but parsed as utf-8
2026-09-28 02:00:22,664 - INFO - 从 https://www.economist.com/science-and-technology/rss.xml 获取到 300 个条目
2026-09-28 02:00:22,665 - INFO - 正在获取 RSS 源: https://www.economist.com/business/rss.xml
2026-09-28 02:00:22,863 - WARNING - RSS 源 https://www.economist.com/business/rss.xml 解析时出现问题: document declared as us-ascii, but parsed as utf-8
2026-09-28 02:00:22,863 - INFO - 从 https://www.economist.com/business/rss.xml 获取到 300 个条目
2026-09-28 02:00:22,864 - INFO - 正在获取 RSS 源: https://www.economist.com/international/rss.xml
2026-09-28 02:00:23,048 - WARNING - RSS 源 https://www.economist.com/international/rss.xml 解析时出现问题: document declared as us-ascii, but parsed as utf-8
2026-09-28 02:00:23,049 - INFO - 从 https://www.economist.com/international/rss.xml 获取到 300 个条目
2026-09-28 02:00:23,049 - INFO - 正在获取 RSS 源: https://www.economist.com/china/rss.xml
2026-09-28 02:00:23,286 - WARNING - RSS 源 https://www.economist.com/china/rss.xml 解析时出现问题: document declared as us-ascii, but parsed as utf-8
2026-09-28 02:00:23,287 - INFO - 从 https://www.economist.com/china/rss.xml 获取到 300 个条目
2026-09-28 02:00:23,287 - INFO - 正在获取 RSS 源: https://arstechnica.com/feed/
2026-09-28 02:00:23,732 - INFO - 从 https://arstechnica.com/feed/ 获取到 20 个条目
2026-09-28 02:00:23,733 - INFO - 正在获取 RSS 源: https://www.google.com/alerts/feeds/00120727335941528291/15923614493533912620
2026-09-28 02:00:23,972 - INFO - 从 https://www.google.com/alerts/feeds/00120727335941528291/15923614493533912620 获取到 20 个条目
2026-09-28 02:00:23,972 - INFO - 正在获取 RSS 源: https://36kr.com/feed-newsflash
2026-09-28 02:00:24,818 - WARNING - RSS 源 https://36kr.com/feed-newsflash 解析时出现问题: <unknown>:10:542: not well-formed (invalid token)
2026-09-28 02:00:24,818 - WARNING - RSS 源 https://36kr.com/feed-newsflash 没有返回条目
2026-09-28 02:00:24,818 - INFO - 正在获取 RSS 源: https://36kr.com/feed-article
2026-09-28 02:00:25,647 - WARNING - RSS 源 https://36kr.com/feed-article 解析时出现问题: <unknown>:10:542: not well-formed (invalid token)
2026-09-28 02:00:25,647 - WARNING - RSS 源 https://36kr.com/feed-article 没有返回条目
2026-09-28 02:00:25,647 - INFO - 正在获取 RSS 源: https://www.ithome.com/rss/
2026-09-28 02:00:27,076 - INFO - 从 https://www.ithome.com/rss/ 获取到 60 个条目
2026-09-28 02:00:27,077 - INFO - 正在获取 RSS 源: https://rss.mydrivers.com/Rss.aspx?Tid=1
2026-09-28 02:00:28,123 - INFO - 从 https://rss.mydrivers.com/Rss.aspx?Tid=1 获取到 100 个条目
2026-09-28 02:00:28,125 - INFO - 正在获取 RSS 源: https://www.solidot.org/index.rss
2026-09-28 02:00:29,375 - INFO - 从 https://www.solidot.org/index.rss 获取到 14 个条目
2026-09-28 02:00:29,375 - INFO - 正在获取 RSS 源: https://www.geekpark.net/rss
2026-09-28 02:00:34,842 - INFO - 从 https://www.geekpark.net/rss 获取到 30 个条目
2026-09-28 02:00:34,842 - INFO - 正在获取 RSS 源: https://www.ifanr.com/feed
2026-09-28 02:00:36,035 - INFO - 从 https://www.ifanr.com/feed 获取到 20 个条目
2026-09-28 02:00:36,035 - INFO - 正在获取 RSS 源: https://www.tmtpost.com/rss.xml
2026-09-28 02:00:38,995 - INFO - 从 https://www.tmtpost.com/rss.xml 获取到 18 个条目
2026-09-28 02:00:38,996 - INFO - 正在获取 RSS 源: https://rss.huxiu.com/
2026-09-28 02:00:40,328 - INFO - 从 https://rss.huxiu.com/ 获取到 4 个条目
2026-09-28 02:00:40,329 - INFO - 正在获取 RSS 源: https://www.qbitai.com/feed
2026-09-28 02:00:41,450 - INFO - 从 https://www.qbitai.com/feed 获取到 10 个条目
2026-09-28 02:00:41,451 - INFO - 正在获取 RSS 源: https://www.leiphone.com/feed/
2026-09-28 02:00:49,489 - INFO - 从 https://www.leiphone.com/feed/ 获取到 20 个条目
2026-09-28 02:00:49,490 - INFO - 正在获取 RSS 源: https://plink.anyfeeder.com/mittrchina/hot
2026-09-28 02:00:49,667 - INFO - 从 https://plink.anyfeeder.com/mittrchina/hot 获取到 10 个条目
2026-09-28 02:00:49,668 - INFO - 正在获取 RSS 源: https://sspai.com/feed
2026-09-28 02:00:50,745 - INFO - 从 https://sspai.com/feed 获取到 10 个条目
2026-09-28 02:00:50,745 - INFO - 正在获取 RSS 源: https://v2ex.com/index.xml
2026-09-28 02:00:51,123 - INFO - 从 https://v2ex.com/index.xml 获取到 50 个条目
2026-09-28 02:00:51,124 - INFO - 正在获取 RSS 源: https://plink.anyfeeder.com/zaobao/realtime/china
2026-09-28 02:00:51,282 - INFO - 从 https://plink.anyfeeder.com/zaobao/realtime/china 获取到 24 个条目
2026-09-28 02:00:51,282 - INFO - 正在获取 RSS 源: https://plink.anyfeeder.com/zaobao/realtime/world
2026-09-28 02:00:51,454 - INFO - 从 https://plink.anyfeeder.com/zaobao/realtime/world 获取到 24 个条目
2026-09-28 02:00:51,454 - INFO - 正在获取 RSS 源: https://hnrss.org/frontpage
2026-09-28 02:01:12,538 - WARNING - RSS 源 https://hnrss.org/frontpage 解析时出现问题: <urlopen error [WinError 10060] 由于连接方在一段时间后没有正确答复或连接的主机没有反应，连接尝试失败。>
2026-09-28 02:01:12,538 - WARNING - RSS 源 https://hnrss.org/frontpage 没有返回条目
2026-09-28 02:01:12,538 - INFO - 正在获取 RSS 源: https://www.jiqizhixin.com/feed
2026-09-28 02:01:13,231 - WARNING - RSS 源 https://www.jiqizhixin.com/feed 解析时出现问题: <unknown>:8:82: not well-formed (invalid token)
2026-09-28 02:01:13,231 - WARNING - RSS 源 https://www.jiqizhixin.com/feed 没有返回条目
2026-09-28 02:01:13,231 - INFO - 正在获取 RSS 源: https://blogs.nvidia.com/feed/
2026-09-28 02:01:13,467 - INFO - 从 https://blogs.nvidia.com/feed/ 获取到 18 个条目
2026-09-28 02:01:13,468 - INFO - 正在获取 RSS 源: https://ai.googleblog.com/feeds/posts/default
2026-09-28 02:01:13,606 - WARNING - RSS 源 https://ai.googleblog.com/feeds/posts/default 解析时出现问题: <unknown>:4:31: mismatched tag
2026-09-28 02:01:13,606 - WARNING - RSS 源 https://ai.googleblog.com/feeds/posts/default 没有返回条目
2026-09-28 02:01:13,606 - INFO - 总共获取到 377 个有效条目
2026-09-28 02:01:13,626 - INFO - 关键词过滤后剩余 174 个条目
2026-09-28 02:01:13,628 - INFO - 解析 Google 重定向链接为原始地址
2026-09-28 02:01:13,628 - INFO - 解析 Google 重定向链接为原始地址
2026-09-28 02:01:13,628 - INFO - 解析 Google 重定向链接为原始地址
2026-09-28 02:01:13,629 - INFO - 解析 Google 重定向链接为原始地址
2026-09-28 02:01:13,629 - INFO - 解析 Google 重定向链接为原始地址
2026-09-28 02:01:13,629 - INFO - 解析 Google 重定向链接为原始地址
2026-09-28 02:01:13,630 - INFO - 解析 Google 重定向链接为原始地址
2026-09-28 02:01:13,630 - INFO - 解析 Google 重定向链接为原始地址
2026-09-28 02:01:13,630 - INFO - 解析 Google 重定向链接为原始地址
2026-09-28 02:01:13,630 - INFO - 解析 Google 重定向链接为原始地址
2026-09-28 02:01:13,630 - INFO - 解析 Google 重定向链接为原始地址
2026-09-28 02:01:13,630 - INFO - 解析 Google 重定向链接为原始地址
2026-09-28 02:01:13,630 - INFO - 解析 Google 重定向链接为原始地址
2026-09-28 02:01:13,631 - INFO - 解析 Google 重定向链接为原始地址
2026-09-28 02:01:13,631 - INFO - 解析 Google 重定向链接为原始地址
2026-09-28 02:01:13,631 - INFO - 解析 Google 重定向链接为原始地址
2026-09-28 02:01:13,631 - INFO - 解析 Google 重定向链接为原始地址
2026-09-28 02:01:13,631 - INFO - 解析 Google 重定向链接为原始地址
2026-09-28 02:01:13,632 - INFO - 解析 Google 重定向链接为原始地址
2026-09-28 02:01:13,632 - INFO - 解析 Google 重定向链接为原始地址
2026-09-28 02:01:13,638 - INFO - 规范化后得到 174 个候选条目，交由 02 跨批次去重
2026-09-28 02:01:13,640 - INFO - 处理完成，结果已保存到 C:\Users\james\Dropbox\WORKS\SOFT\AI-Python\keepitrun\tmp\rss_2026-09-28_02-01-13.md
