2026-09-29 02:00:26,894 - INFO - 开始执行 RSS 处理脚本
2026-09-29 02:00:26,925 - INFO - 加载了 39 个 RSS 源
2026-09-29 02:00:26,926 - INFO - 加载了 424 个关键词
2026-09-29 02:00:26,926 - INFO - 正在获取 RSS 源: http://feeds.feedburner.com/CBer
2026-09-29 02:00:27,118 - INFO - 从 http://feeds.feedburner.com/CBer 获取到 20 个条目
2026-09-29 02:00:27,119 - INFO - 正在获取 RSS 源: http://techmeme.com/feed.xml
2026-09-29 02:00:27,868 - INFO - 从 http://techmeme.com/feed.xml 获取到 15 个条目
2026-09-29 02:00:27,869 - INFO - 从 Techmeme RSS 摘要提取原始文章链接: 9to5google.com
2026-09-29 02:00:27,869 - INFO - 从 Techmeme RSS 摘要提取原始文章链接: www.cnbc.com
2026-09-29 02:00:27,870 - INFO - 从 Techmeme RSS 摘要提取原始文章链接: www.aisi.gov.uk
2026-09-29 02:00:27,871 - INFO - 从 Techmeme RSS 摘要提取原始文章链接: www.reuters.com
2026-09-29 02:00:27,872 - INFO - 从 Techmeme RSS 摘要提取原始文章链接: www.axios.com
2026-09-29 02:00:27,872 - INFO - 从 Techmeme RSS 摘要提取原始文章链接: techcrunch.com
2026-09-29 02:00:27,873 - INFO - 从 Techmeme RSS 摘要提取原始文章链接: x.com
2026-09-29 02:00:27,874 - INFO - 从 Techmeme RSS 摘要提取原始文章链接: www.wsj.com
2026-09-29 02:00:27,875 - INFO - 从 Techmeme RSS 摘要提取原始文章链接: apnews.com
2026-09-29 02:00:27,875 - INFO - 从 Techmeme RSS 摘要提取原始文章链接: siliconangle.com
2026-09-29 02:00:27,876 - INFO - 从 Techmeme RSS 摘要提取原始文章链接: techcrunch.com
2026-09-29 02:00:27,877 - INFO - 从 Techmeme RSS 摘要提取原始文章链接: www.bloomberg.com
2026-09-29 02:00:27,878 - INFO - 从 Techmeme RSS 摘要提取原始文章链接: www.reuters.com
2026-09-29 02:00:27,879 - INFO - 从 Techmeme RSS 摘要提取原始文章链接: www.wsj.com
2026-09-29 02:00:27,879 - INFO - 从 Techmeme RSS 摘要提取原始文章链接: artificialanalysis.ai
2026-09-29 02:00:27,880 - INFO - 正在获取 RSS 源: https://techcrunch.com/feed/
2026-09-29 02:00:27,929 - INFO - 从 https://techcrunch.com/feed/ 获取到 20 个条目
2026-09-29 02:00:27,930 - INFO - 正在获取 RSS 源: https://feeds.arstechnica.com/arstechnica/index/
2026-09-29 02:00:28,016 - INFO - 从 https://feeds.arstechnica.com/arstechnica/index/ 获取到 20 个条目
2026-09-29 02:00:28,017 - INFO - 正在获取 RSS 源: https://www.technologyreview.com/feed/
2026-09-29 02:00:28,127 - INFO - 从 https://www.technologyreview.com/feed/ 获取到 10 个条目
2026-09-29 02:00:28,127 - INFO - 正在获取 RSS 源: https://www.engadget.com/rss.xml
2026-09-29 02:00:28,234 - INFO - 从 https://www.engadget.com/rss.xml 获取到 20 个条目
2026-09-29 02:00:28,235 - INFO - 正在获取 RSS 源: http://feeds.feedburner.com/businessinsider/
2026-09-29 02:00:28,598 - INFO - 从 http://feeds.feedburner.com/businessinsider/ 获取到 50 个条目
2026-09-29 02:00:28,599 - INFO - 正在获取 RSS 源: https://www.cnet.com/rss/all/
2026-09-29 02:00:28,692 - INFO - 从 https://www.cnet.com/rss/all/ 获取到 25 个条目
2026-09-29 02:00:28,693 - INFO - 正在获取 RSS 源: https://www.techradar.com/feeds.xml
2026-09-29 02:00:29,050 - INFO - 从 https://www.techradar.com/feeds.xml 获取到 50 个条目
2026-09-29 02:00:29,051 - INFO - 正在获取 RSS 源: https://mashable.com/feeds/rss/all
2026-09-29 02:00:29,730 - INFO - 从 https://mashable.com/feeds/rss/all 获取到 100 个条目
2026-09-29 02:00:29,731 - INFO - 正在获取 RSS 源: https://www.theverge.com/rss/index.xml
2026-09-29 02:00:29,839 - INFO - 从 https://www.theverge.com/rss/index.xml 获取到 10 个条目
2026-09-29 02:00:29,839 - INFO - 正在获取 RSS 源: https://www.wired.com/feed/tag/ai/latest/rss
2026-09-29 02:00:29,955 - INFO - 从 https://www.wired.com/feed/tag/ai/latest/rss 获取到 10 个条目
2026-09-29 02:00:29,955 - INFO - 正在获取 RSS 源: https://feeds.bbci.co.uk/news/technology/rss.xml
2026-09-29 02:00:30,232 - INFO - 从 https://feeds.bbci.co.uk/news/technology/rss.xml 获取到 21 个条目
2026-09-29 02:00:30,233 - INFO - 正在获取 RSS 源: https://www.economist.com/science-and-technology/rss.xml
2026-09-29 02:00:30,474 - WARNING - RSS 源 https://www.economist.com/science-and-technology/rss.xml 解析时出现问题: document declared as us-ascii, but parsed as utf-8
2026-09-29 02:00:30,475 - INFO - 从 https://www.economist.com/science-and-technology/rss.xml 获取到 300 个条目
2026-09-29 02:00:30,475 - INFO - 正在获取 RSS 源: https://www.economist.com/business/rss.xml
2026-09-29 02:00:30,650 - WARNING - RSS 源 https://www.economist.com/business/rss.xml 解析时出现问题: document declared as us-ascii, but parsed as utf-8
2026-09-29 02:00:30,651 - INFO - 从 https://www.economist.com/business/rss.xml 获取到 300 个条目
2026-09-29 02:00:30,652 - INFO - 正在获取 RSS 源: https://www.economist.com/international/rss.xml
2026-09-29 02:00:30,812 - WARNING - RSS 源 https://www.economist.com/international/rss.xml 解析时出现问题: document declared as us-ascii, but parsed as utf-8
2026-09-29 02:00:30,812 - INFO - 从 https://www.economist.com/international/rss.xml 获取到 300 个条目
2026-09-29 02:00:30,813 - INFO - 正在获取 RSS 源: https://www.economist.com/china/rss.xml
2026-09-29 02:00:30,988 - WARNING - RSS 源 https://www.economist.com/china/rss.xml 解析时出现问题: document declared as us-ascii, but parsed as utf-8
2026-09-29 02:00:30,988 - INFO - 从 https://www.economist.com/china/rss.xml 获取到 300 个条目
2026-09-29 02:00:30,989 - INFO - 正在获取 RSS 源: https://arstechnica.com/feed/
2026-09-29 02:00:31,405 - INFO - 从 https://arstechnica.com/feed/ 获取到 20 个条目
2026-09-29 02:00:31,405 - INFO - 正在获取 RSS 源: https://www.google.com/alerts/feeds/00120727335941528291/15923614493533912620
2026-09-29 02:00:31,539 - INFO - 从 https://www.google.com/alerts/feeds/00120727335941528291/15923614493533912620 获取到 20 个条目
2026-09-29 02:00:31,539 - INFO - 正在获取 RSS 源: https://36kr.com/feed-newsflash
2026-09-29 02:00:32,515 - WARNING - RSS 源 https://36kr.com/feed-newsflash 解析时出现问题: <unknown>:10:542: not well-formed (invalid token)
2026-09-29 02:00:32,515 - WARNING - RSS 源 https://36kr.com/feed-newsflash 没有返回条目
2026-09-29 02:00:32,515 - INFO - 正在获取 RSS 源: https://36kr.com/feed-article
2026-09-29 02:00:33,401 - WARNING - RSS 源 https://36kr.com/feed-article 解析时出现问题: <unknown>:10:542: not well-formed (invalid token)
2026-09-29 02:00:33,401 - WARNING - RSS 源 https://36kr.com/feed-article 没有返回条目
2026-09-29 02:00:33,401 - INFO - 正在获取 RSS 源: https://www.ithome.com/rss/
2026-09-29 02:00:34,920 - INFO - 从 https://www.ithome.com/rss/ 获取到 60 个条目
2026-09-29 02:00:34,921 - INFO - 正在获取 RSS 源: https://rss.mydrivers.com/Rss.aspx?Tid=1
2026-09-29 02:00:36,128 - INFO - 从 https://rss.mydrivers.com/Rss.aspx?Tid=1 获取到 100 个条目
2026-09-29 02:00:36,129 - INFO - 正在获取 RSS 源: https://www.solidot.org/index.rss
2026-09-29 02:00:37,251 - INFO - 从 https://www.solidot.org/index.rss 获取到 20 个条目
2026-09-29 02:00:37,251 - INFO - 正在获取 RSS 源: https://www.geekpark.net/rss
2026-09-29 02:03:16,545 - INFO - 从 https://www.geekpark.net/rss 获取到 30 个条目
2026-09-29 02:03:16,546 - INFO - 正在获取 RSS 源: https://www.ifanr.com/feed
2026-09-29 02:03:17,719 - INFO - 从 https://www.ifanr.com/feed 获取到 20 个条目
2026-09-29 02:03:17,720 - INFO - 正在获取 RSS 源: https://www.tmtpost.com/rss.xml
2026-09-29 02:03:20,724 - INFO - 从 https://www.tmtpost.com/rss.xml 获取到 17 个条目
2026-09-29 02:03:20,725 - INFO - 正在获取 RSS 源: https://rss.huxiu.com/
2026-09-29 02:03:21,917 - INFO - 从 https://rss.huxiu.com/ 获取到 5 个条目
2026-09-29 02:03:21,918 - INFO - 正在获取 RSS 源: https://www.qbitai.com/feed
2026-09-29 02:03:23,171 - INFO - 从 https://www.qbitai.com/feed 获取到 10 个条目
2026-09-29 02:03:23,171 - INFO - 正在获取 RSS 源: https://www.leiphone.com/feed/
2026-09-29 02:03:25,684 - INFO - 从 https://www.leiphone.com/feed/ 获取到 20 个条目
2026-09-29 02:03:25,684 - INFO - 正在获取 RSS 源: https://plink.anyfeeder.com/mittrchina/hot
2026-09-29 02:03:26,304 - INFO - 从 https://plink.anyfeeder.com/mittrchina/hot 获取到 10 个条目
2026-09-29 02:03:26,305 - INFO - 正在获取 RSS 源: https://sspai.com/feed
2026-09-29 02:03:27,356 - INFO - 从 https://sspai.com/feed 获取到 10 个条目
2026-09-29 02:03:27,356 - INFO - 正在获取 RSS 源: https://v2ex.com/index.xml
2026-09-29 02:03:27,716 - INFO - 从 https://v2ex.com/index.xml 获取到 50 个条目
2026-09-29 02:03:27,716 - INFO - 正在获取 RSS 源: https://plink.anyfeeder.com/zaobao/realtime/china
2026-09-29 02:03:27,937 - INFO - 从 https://plink.anyfeeder.com/zaobao/realtime/china 获取到 24 个条目
2026-09-29 02:03:27,937 - INFO - 正在获取 RSS 源: https://plink.anyfeeder.com/zaobao/realtime/world
2026-09-29 02:03:28,274 - INFO - 从 https://plink.anyfeeder.com/zaobao/realtime/world 获取到 24 个条目
2026-09-29 02:03:28,274 - INFO - 正在获取 RSS 源: https://hnrss.org/frontpage
2026-09-29 02:03:28,615 - INFO - 从 https://hnrss.org/frontpage 获取到 20 个条目
2026-09-29 02:03:28,616 - INFO - 正在获取 RSS 源: https://www.jiqizhixin.com/feed
2026-09-29 02:03:29,282 - WARNING - RSS 源 https://www.jiqizhixin.com/feed 解析时出现问题: <unknown>:8:82: not well-formed (invalid token)
2026-09-29 02:03:29,282 - WARNING - RSS 源 https://www.jiqizhixin.com/feed 没有返回条目
2026-09-29 02:03:29,282 - INFO - 正在获取 RSS 源: https://blogs.nvidia.com/feed/
2026-09-29 02:03:29,523 - INFO - 从 https://blogs.nvidia.com/feed/ 获取到 18 个条目
2026-09-29 02:03:29,524 - INFO - 正在获取 RSS 源: https://ai.googleblog.com/feeds/posts/default
2026-09-29 02:03:29,851 - WARNING - RSS 源 https://ai.googleblog.com/feeds/posts/default 解析时出现问题: <unknown>:4:31: mismatched tag
2026-09-29 02:03:29,851 - WARNING - RSS 源 https://ai.googleblog.com/feeds/posts/default 没有返回条目
2026-09-29 02:03:29,851 - INFO - 总共获取到 581 个有效条目
2026-09-29 02:03:29,881 - INFO - 关键词过滤后剩余 325 个条目
2026-09-29 02:03:29,885 - INFO - 解析 Google 重定向链接为原始地址
2026-09-29 02:03:29,885 - INFO - 解析 Google 重定向链接为原始地址
2026-09-29 02:03:29,885 - INFO - 解析 Google 重定向链接为原始地址
2026-09-29 02:03:29,886 - INFO - 解析 Google 重定向链接为原始地址
2026-09-29 02:03:29,886 - INFO - 解析 Google 重定向链接为原始地址
2026-09-29 02:03:29,886 - INFO - 解析 Google 重定向链接为原始地址
2026-09-29 02:03:29,886 - INFO - 解析 Google 重定向链接为原始地址
2026-09-29 02:03:29,887 - INFO - 解析 Google 重定向链接为原始地址
2026-09-29 02:03:29,887 - INFO - 解析 Google 重定向链接为原始地址
2026-09-29 02:03:29,887 - INFO - 解析 Google 重定向链接为原始地址
2026-09-29 02:03:29,887 - INFO - 解析 Google 重定向链接为原始地址
2026-09-29 02:03:29,887 - INFO - 解析 Google 重定向链接为原始地址
2026-09-29 02:03:29,888 - INFO - 解析 Google 重定向链接为原始地址
2026-09-29 02:03:29,888 - INFO - 解析 Google 重定向链接为原始地址
2026-09-29 02:03:29,888 - INFO - 解析 Google 重定向链接为原始地址
2026-09-29 02:03:29,888 - INFO - 解析 Google 重定向链接为原始地址
2026-09-29 02:03:29,889 - INFO - 解析 Google 重定向链接为原始地址
2026-09-29 02:03:29,889 - INFO - 解析 Google 重定向链接为原始地址
2026-09-29 02:03:29,889 - INFO - 解析 Google 重定向链接为原始地址
2026-09-29 02:03:29,889 - INFO - 解析 Google 重定向链接为原始地址
2026-09-29 02:03:29,895 - INFO - 规范化后得到 325 个候选条目，交由 02 跨批次去重
2026-09-29 02:03:29,898 - INFO - 处理完成，结果已保存到 C:\Users\james\Dropbox\WORKS\SOFT\AI-Python\keepitrun\tmp\rss_2026-09-29_02-03-29.md
